// Jest Snapshot v1, https://goo.gl/fbAQLP

exports[`BookData Snapshot Comprobar la UI del componente BookData 1`] = `
<div
  className="BookData"
>
  <h3
    className="BookData__title"
  >
    Datos del libro
  </h3>
  <ul
    className="BookData__list"
  >
    <li>
      <span>
        Título: HTML & CSS:: Curso práctico avanzado.
      </span>
    </li>
    <li>
      <span>
        Autor: Sergio Luis Mora
      </span>
    </li>
    <li>
      <span>
        Editorial: Publicaciones Altamar
      </span>
    </li>
    <li>
      <span>
        Año de publicaci&oacuten: 2015
      </span>
    </li>
    <li>
      <span>
        ISBN
      </span>
    </li>
  </ul>
</div>
`;
