// Jest Snapshot v1, https://goo.gl/fbAQLP

exports[`HeaderBusiness Snapshot Validar la UI del componente HeaderBusiness 1`] = `
<header
  className="HeaderBusiness"
>
  <figure
    className="HeaderBusiness__brandContainer"
  >
    <img
      alt="Empresa.com"
      className="HeaderBusiness__brand"
      src="brand.JPG"
      width="300"
    />
  </figure>
  <nav
    className="MenuBusiness"
  >
    <ul>
      <li
        className="MenuBusiness__item"
      >
        <a
          data-button="nav"
          href="#home"
          id="home"
          onClick={[Function]}
          role="button"
        >
          Inicio
        </a>
      </li>
      <li
        className="MenuBusiness__item"
      >
        <a
          data-button="nav"
          href="#aboutUs"
          id="aboutUs"
          onClick={[Function]}
          role="button"
        >
          Acerca
        </a>
      </li>
      <li
        className="MenuBusiness__item"
      >
        <a
          data-button="nav"
          href="#services"
          id="services"
          onClick={[Function]}
          role="button"
        >
          Servicios
        </a>
      </li>
      <li
        className="MenuBusiness__item"
      >
        <a
          data-button="nav"
          href="#products"
          id="products"
          onClick={[Function]}
          role="button"
        >
          Productos
        </a>
      </li>
      <li
        className="MenuBusiness__item"
      >
        <a
          data-button="nav"
          href="#contact"
          id="contact"
          onClick={[Function]}
          role="button"
        >
          Contacto
        </a>
      </li>
    </ul>
  </nav>
</header>
`;
