// Jest Snapshot v1, https://goo.gl/fbAQLP

exports[`MenuWebSite Snapshot Comprobar la UI del componente MenuWebSite 1`] = `
<nav
  className="MenuWebSite"
>
  <ul>
    <li
      className="MenuWebSite_item"
    >
      <a
        className="is-active"
        href="#"
        id="home"
        onClick={[Function]}
        role="button"
      >
        Home
      </a>
    </li>
    <li
      className="MenuWebSite_item"
    >
      <a
        href="#"
        id="aboutUs"
        onClick={[Function]}
        role="button"
      >
        Acerca de
      </a>
    </li>
    <li
      className="MenuWebSite_item"
    >
      <a
        href="#"
        id="portfolio"
        onClick={[Function]}
        role="button"
      >
        Portafolio
      </a>
    </li>
    <li
      className="MenuWebSite_item"
    >
      <a
        href="#"
        id="blog"
        onClick={[Function]}
        role="button"
      >
        Blog
      </a>
    </li>
    <li
      className="MenuWebSite_item"
    >
      <a
        href="#"
        id="contactUs"
        onClick={[Function]}
        role="button"
      >
        Contacto
      </a>
    </li>
  </ul>
</nav>
`;
