// Jest Snapshot v1, https://goo.gl/fbAQLP

exports[`MyServices Snapshot Comprobar la UI del componente MyServices 1`] = `
<article
  className="MyServices"
>
  <h2
    className="MyServices__title"
  >
    Servicios
    <br />
     
    <span>
      destacados
    </span>
  </h2>
  <ul
    className="MyServices__details"
  >
    <li>
      <p>
        Lorem Ipsum servicio destacado
      </p>
    </li>
    <li>
      <p>
        Otro servicio que debemos destacar
      </p>
    </li>
    <li>
      <p>
        Aqu√≠ va otro servicio
      </p>
    </li>
  </ul>
</article>
`;
