// Jest Snapshot v1, https://goo.gl/fbAQLP

exports[`RecentTweets Snapshot Comprobar la UI del componente RecentTweets 1`] = `
<article
  className="RecentTweets"
>
  <h2
    className="RecentTweets__title"
  >
    últimos
    <br />
     
    <span>
      tweets
    </span>
  </h2>
  <div
    className="RecentTweet"
  >
    <p>
      <strong>
        <span>
          5:13PM
        </span>
        <span>
          Sep 7
        </span>
         desde 
        <span>
          TweetDeck
        </span>
      </strong>
    </p>
    <p>
      <span>
        RT
      </span>
      <span>
        @lstwebdesigner
      </span>
      : 
      <span>
        Mira mi último diseño http:/bit.ly/asdfg
      </span>
    </p>
  </div>
  <div
    className="RecentTweet"
  >
    <p>
      <strong>
        <span>
          5:13PM
        </span>
        <span>
          Sep 7
        </span>
         desde 
        <span>
          TweetDeck
        </span>
      </strong>
    </p>
    <p>
      <span>
        RT
      </span>
      <span>
        @lstwebdesigner
      </span>
      : 
      <span>
        Mira mi último diseño http:/bit.ly/asdfg
      </span>
    </p>
  </div>
</article>
`;
